// Jest Snapshot v1, https://goo.gl/fbAQLP

exports[`Page renders 1`] = `
<React.Fragment>
  <Header />
  <Content>
    <Connect(CoinList) />
  </Content>
</React.Fragment>
`;
