// Jest Snapshot v1, https://goo.gl/fbAQLP

exports[`ButtonLink renders 1`] = `
<Styled(Link)
  to="/"
>
  Button
</Styled(Link)>
`;
