// Jest Snapshot v1, https://goo.gl/fbAQLP

exports[`Coinlist renders 1`] = `
<CoinList
  dispatch={[Function]}
  error={false}
  loading={true}
  store={
    Object {
      "dispatch": [Function],
      "getState": [Function],
      "replaceReducer": [Function],
      "subscribe": [Function],
      Symbol(observable): [Function],
    }
  }
  storeSubscription={
    Subscription {
      "listeners": Object {
        "clear": [Function],
        "get": [Function],
        "notify": [Function],
        "subscribe": [Function],
      },
      "onStateChange": [Function],
      "parentSub": undefined,
      "store": Object {
        "dispatch": [Function],
        "getState": [Function],
        "replaceReducer": [Function],
        "subscribe": [Function],
        Symbol(observable): [Function],
      },
      "unsubscribe": [Function],
    }
  }
  tickerData="loading"
/>
`;
