// Jest Snapshot v1, https://goo.gl/fbAQLP

exports[`ErrorMessage renders 1`] = `
<div
  className="css-vpaqbd"
>
  ErrorMessage
</div>
`;
