// Jest Snapshot v1, https://goo.gl/fbAQLP

exports[`ViewCoin renders 1`] = `
<ViewCoin
  coinConfig={
    Object {
      "code": "BCHUSD",
      "name": "Bitcoin Cash",
    }
  }
  dispatch={[Function]}
  error={false}
  match={
    Object {
      "params": Object {
        "code": "bchusd",
      },
    }
  }
  store={
    Object {
      "dispatch": [Function],
      "getState": [Function],
      "replaceReducer": [Function],
      "subscribe": [Function],
      Symbol(observable): [Function],
    }
  }
  storeSubscription={
    Subscription {
      "listeners": Object {
        "clear": [Function],
        "get": [Function],
        "notify": [Function],
        "subscribe": [Function],
      },
      "onStateChange": [Function],
      "parentSub": undefined,
      "store": Object {
        "dispatch": [Function],
        "getState": [Function],
        "replaceReducer": [Function],
        "subscribe": [Function],
        Symbol(observable): [Function],
      },
      "unsubscribe": [Function],
    }
  }
  theme={
    Object {
      "colors": Object {
        "lightPurple": "purple",
      },
    }
  }
  tickerData="loading"
/>
`;
